  Geri y├╝klenecek projeler belirleniyor...
  Geri y├╝kleme i├ğin t├╝m projeler g├╝ncel.
C:\Users\cffat\OneDrive\Masa├╝st├╝\racer\jurisflow2\JurisFlowASP\Controllers\BillingController.cs(4,20): error CS0234: 'Data' t├╝r veya ad alan─▒ ad─▒ 'JurisFlowASP' ad alan─▒nda yok (bir derleme ba┼şvurunuz mu eksik?) [C:\Users\cffat\OneDrive\Masa├╝st├╝\racer\jurisflow2\JurisFlowASP\JurisFlowASP.csproj]
C:\Users\cffat\OneDrive\Masa├╝st├╝\racer\jurisflow2\JurisFlowASP\Controllers\CalendarController.cs(4,20): error CS0234: 'Data' t├╝r veya ad alan─▒ ad─▒ 'JurisFlowASP' ad alan─▒nda yok (bir derleme ba┼şvurunuz mu eksik?) [C:\Users\cffat\OneDrive\Masa├╝st├╝\racer\jurisflow2\JurisFlowASP\JurisFlowASP.csproj]
C:\Users\cffat\OneDrive\Masa├╝st├╝\racer\jurisflow2\JurisFlowASP\Controllers\ClientPortalController.cs(3,20): error CS0234: 'Data' t├╝r veya ad alan─▒ ad─▒ 'JurisFlowASP' ad alan─▒nda yok (bir derleme ba┼şvurunuz mu eksik?) [C:\Users\cffat\OneDrive\Masa├╝st├╝\racer\jurisflow2\JurisFlowASP\JurisFlowASP.csproj]
C:\Users\cffat\OneDrive\Masa├╝st├╝\racer\jurisflow2\JurisFlowASP\Controllers\ClientsController.cs(4,20): error CS0234: 'Data' t├╝r veya ad alan─▒ ad─▒ 'JurisFlowASP' ad alan─▒nda yok (bir derleme ba┼şvurunuz mu eksik?) [C:\Users\cffat\OneDrive\Masa├╝st├╝\racer\jurisflow2\JurisFlowASP\JurisFlowASP.csproj]
C:\Users\cffat\OneDrive\Masa├╝st├╝\racer\jurisflow2\JurisFlowASP\Controllers\CRMController.cs(4,20): error CS0234: 'Data' t├╝r veya ad alan─▒ ad─▒ 'JurisFlowASP' ad alan─▒nda yok (bir derleme ba┼şvurunuz mu eksik?) [C:\Users\cffat\OneDrive\Masa├╝st├╝\racer\jurisflow2\JurisFlowASP\JurisFlowASP.csproj]
C:\Users\cffat\OneDrive\Masa├╝st├╝\racer\jurisflow2\JurisFlowASP\Controllers\DocumentsController.cs(4,20): error CS0234: 'Data' t├╝r veya ad alan─▒ ad─▒ 'JurisFlowASP' ad alan─▒nda yok (bir derleme ba┼şvurunuz mu eksik?) [C:\Users\cffat\OneDrive\Masa├╝st├╝\racer\jurisflow2\JurisFlowASP\JurisFlowASP.csproj]
C:\Users\cffat\OneDrive\Masa├╝st├╝\racer\jurisflow2\JurisFlowASP\Controllers\HomeController.cs(5,20): error CS0234: 'Data' t├╝r veya ad alan─▒ ad─▒ 'JurisFlowASP' ad alan─▒nda yok (bir derleme ba┼şvurunuz mu eksik?) [C:\Users\cffat\OneDrive\Masa├╝st├╝\racer\jurisflow2\JurisFlowASP\JurisFlowASP.csproj]
C:\Users\cffat\OneDrive\Masa├╝st├╝\racer\jurisflow2\JurisFlowASP\Controllers\MattersController.cs(4,20): error CS0234: 'Data' t├╝r veya ad alan─▒ ad─▒ 'JurisFlowASP' ad alan─▒nda yok (bir derleme ba┼şvurunuz mu eksik?) [C:\Users\cffat\OneDrive\Masa├╝st├╝\racer\jurisflow2\JurisFlowASP\JurisFlowASP.csproj]
C:\Users\cffat\OneDrive\Masa├╝st├╝\racer\jurisflow2\JurisFlowASP\Controllers\SettingsController.cs(4,20): error CS0234: 'Data' t├╝r veya ad alan─▒ ad─▒ 'JurisFlowASP' ad alan─▒nda yok (bir derleme ba┼şvurunuz mu eksik?) [C:\Users\cffat\OneDrive\Masa├╝st├╝\racer\jurisflow2\JurisFlowASP\JurisFlowASP.csproj]
C:\Users\cffat\OneDrive\Masa├╝st├╝\racer\jurisflow2\JurisFlowASP\Controllers\TasksController.cs(4,20): error CS0234: 'Data' t├╝r veya ad alan─▒ ad─▒ 'JurisFlowASP' ad alan─▒nda yok (bir derleme ba┼şvurunuz mu eksik?) [C:\Users\cffat\OneDrive\Masa├╝st├╝\racer\jurisflow2\JurisFlowASP\JurisFlowASP.csproj]
C:\Users\cffat\OneDrive\Masa├╝st├╝\racer\jurisflow2\JurisFlowASP\Controllers\TimeTrackerController.cs(4,20): error CS0234: 'Data' t├╝r veya ad alan─▒ ad─▒ 'JurisFlowASP' ad alan─▒nda yok (bir derleme ba┼şvurunuz mu eksik?) [C:\Users\cffat\OneDrive\Masa├╝st├╝\racer\jurisflow2\JurisFlowASP\JurisFlowASP.csproj]
C:\Users\cffat\OneDrive\Masa├╝st├╝\racer\jurisflow2\JurisFlowASP\Program.cs(2,20): error CS0234: 'Data' t├╝r veya ad alan─▒ ad─▒ 'JurisFlowASP' ad alan─▒nda yok (bir derleme ba┼şvurunuz mu eksik?) [C:\Users\cffat\OneDrive\Masa├╝st├╝\racer\jurisflow2\JurisFlowASP\JurisFlowASP.csproj]
C:\Users\cffat\OneDrive\Masa├╝st├╝\racer\jurisflow2\JurisFlowASP\Services\AuditService.cs(1,20): error CS0234: 'Data' t├╝r veya ad alan─▒ ad─▒ 'JurisFlowASP' ad alan─▒nda yok (bir derleme ba┼şvurunuz mu eksik?) [C:\Users\cffat\OneDrive\Masa├╝st├╝\racer\jurisflow2\JurisFlowASP\JurisFlowASP.csproj]
C:\Users\cffat\OneDrive\Masa├╝st├╝\racer\jurisflow2\JurisFlowASP\Services\AuthService.cs(4,20): error CS0234: 'Data' t├╝r veya ad alan─▒ ad─▒ 'JurisFlowASP' ad alan─▒nda yok (bir derleme ba┼şvurunuz mu eksik?) [C:\Users\cffat\OneDrive\Masa├╝st├╝\racer\jurisflow2\JurisFlowASP\JurisFlowASP.csproj]
C:\Users\cffat\OneDrive\Masa├╝st├╝\racer\jurisflow2\JurisFlowASP\Services\AuditService.cs(8,5): error CS0104: 'Task', 'JurisFlowASP.Models.Task' ile 'System.Threading.Tasks.Task' aras─▒nda belirsiz bir ba┼şvuru [C:\Users\cffat\OneDrive\Masa├╝st├╝\racer\jurisflow2\JurisFlowASP\JurisFlowASP.csproj]
C:\Users\cffat\OneDrive\Masa├╝st├╝\racer\jurisflow2\JurisFlowASP\Services\AuditService.cs(23,18): error CS0104: 'Task', 'JurisFlowASP.Models.Task' ile 'System.Threading.Tasks.Task' aras─▒nda belirsiz bir ba┼şvuru [C:\Users\cffat\OneDrive\Masa├╝st├╝\racer\jurisflow2\JurisFlowASP\JurisFlowASP.csproj]
C:\Users\cffat\OneDrive\Masa├╝st├╝\racer\jurisflow2\JurisFlowASP\Services\AuthService.cs(18,5): error CS0104: 'Task', 'JurisFlowASP.Models.Task' ile 'System.Threading.Tasks.Task' aras─▒nda belirsiz bir ba┼şvuru [C:\Users\cffat\OneDrive\Masa├╝st├╝\racer\jurisflow2\JurisFlowASP\JurisFlowASP.csproj]
C:\Users\cffat\OneDrive\Masa├╝st├╝\racer\jurisflow2\JurisFlowASP\Services\AuthService.cs(23,28): error CS0738: 'AuthService, 'IAuthService.EnsureAdminAsync()' arabirim ├╝yesini uygulam─▒yor. 'Task' e┼şle┼şen d├Ân├╝┼ş t├╝r├╝ne sahip olmad─▒─ş─▒ndan 'AuthService.EnsureAdminAsync()' 'IAuthService.EnsureAdminAsync()' ├Â─şesini uygulayamaz. [C:\Users\cffat\OneDrive\Masa├╝st├╝\racer\jurisflow2\JurisFlowASP\JurisFlowASP.csproj]
C:\Users\cffat\OneDrive\Masa├╝st├╝\racer\jurisflow2\JurisFlowASP\Controllers\ClientPortalController.cs(13,22): error CS0246: 'ApplicationDbContext' t├╝r├╝ veya ad alan─▒ ad─▒ bulunamad─▒ (bir using y├Ânergeniz veya derleme ba┼şvurunuz mu eksik?) [C:\Users\cffat\OneDrive\Masa├╝st├╝\racer\jurisflow2\JurisFlowASP\JurisFlowASP.csproj]
C:\Users\cffat\OneDrive\Masa├╝st├╝\racer\jurisflow2\JurisFlowASP\Controllers\ClientPortalController.cs(17,35): error CS0246: 'ApplicationDbContext' t├╝r├╝ veya ad alan─▒ ad─▒ bulunamad─▒ (bir using y├Ânergeniz veya derleme ba┼şvurunuz mu eksik?) [C:\Users\cffat\OneDrive\Masa├╝st├╝\racer\jurisflow2\JurisFlowASP\JurisFlowASP.csproj]

Olu┼şturma BA┼ŞARISIZ OLDU.

C:\Users\cffat\OneDrive\Masa├╝st├╝\racer\jurisflow2\JurisFlowASP\Controllers\BillingController.cs(4,20): error CS0234: 'Data' t├╝r veya ad alan─▒ ad─▒ 'JurisFlowASP' ad alan─▒nda yok (bir derleme ba┼şvurunuz mu eksik?) [C:\Users\cffat\OneDrive\Masa├╝st├╝\racer\jurisflow2\JurisFlowASP\JurisFlowASP.csproj]
C:\Users\cffat\OneDrive\Masa├╝st├╝\racer\jurisflow2\JurisFlowASP\Controllers\CalendarController.cs(4,20): error CS0234: 'Data' t├╝r veya ad alan─▒ ad─▒ 'JurisFlowASP' ad alan─▒nda yok (bir derleme ba┼şvurunuz mu eksik?) [C:\Users\cffat\OneDrive\Masa├╝st├╝\racer\jurisflow2\JurisFlowASP\JurisFlowASP.csproj]
C:\Users\cffat\OneDrive\Masa├╝st├╝\racer\jurisflow2\JurisFlowASP\Controllers\ClientPortalController.cs(3,20): error CS0234: 'Data' t├╝r veya ad alan─▒ ad─▒ 'JurisFlowASP' ad alan─▒nda yok (bir derleme ba┼şvurunuz mu eksik?) [C:\Users\cffat\OneDrive\Masa├╝st├╝\racer\jurisflow2\JurisFlowASP\JurisFlowASP.csproj]
C:\Users\cffat\OneDrive\Masa├╝st├╝\racer\jurisflow2\JurisFlowASP\Controllers\ClientsController.cs(4,20): error CS0234: 'Data' t├╝r veya ad alan─▒ ad─▒ 'JurisFlowASP' ad alan─▒nda yok (bir derleme ba┼şvurunuz mu eksik?) [C:\Users\cffat\OneDrive\Masa├╝st├╝\racer\jurisflow2\JurisFlowASP\JurisFlowASP.csproj]
C:\Users\cffat\OneDrive\Masa├╝st├╝\racer\jurisflow2\JurisFlowASP\Controllers\CRMController.cs(4,20): error CS0234: 'Data' t├╝r veya ad alan─▒ ad─▒ 'JurisFlowASP' ad alan─▒nda yok (bir derleme ba┼şvurunuz mu eksik?) [C:\Users\cffat\OneDrive\Masa├╝st├╝\racer\jurisflow2\JurisFlowASP\JurisFlowASP.csproj]
C:\Users\cffat\OneDrive\Masa├╝st├╝\racer\jurisflow2\JurisFlowASP\Controllers\DocumentsController.cs(4,20): error CS0234: 'Data' t├╝r veya ad alan─▒ ad─▒ 'JurisFlowASP' ad alan─▒nda yok (bir derleme ba┼şvurunuz mu eksik?) [C:\Users\cffat\OneDrive\Masa├╝st├╝\racer\jurisflow2\JurisFlowASP\JurisFlowASP.csproj]
C:\Users\cffat\OneDrive\Masa├╝st├╝\racer\jurisflow2\JurisFlowASP\Controllers\HomeController.cs(5,20): error CS0234: 'Data' t├╝r veya ad alan─▒ ad─▒ 'JurisFlowASP' ad alan─▒nda yok (bir derleme ba┼şvurunuz mu eksik?) [C:\Users\cffat\OneDrive\Masa├╝st├╝\racer\jurisflow2\JurisFlowASP\JurisFlowASP.csproj]
C:\Users\cffat\OneDrive\Masa├╝st├╝\racer\jurisflow2\JurisFlowASP\Controllers\MattersController.cs(4,20): error CS0234: 'Data' t├╝r veya ad alan─▒ ad─▒ 'JurisFlowASP' ad alan─▒nda yok (bir derleme ba┼şvurunuz mu eksik?) [C:\Users\cffat\OneDrive\Masa├╝st├╝\racer\jurisflow2\JurisFlowASP\JurisFlowASP.csproj]
C:\Users\cffat\OneDrive\Masa├╝st├╝\racer\jurisflow2\JurisFlowASP\Controllers\SettingsController.cs(4,20): error CS0234: 'Data' t├╝r veya ad alan─▒ ad─▒ 'JurisFlowASP' ad alan─▒nda yok (bir derleme ba┼şvurunuz mu eksik?) [C:\Users\cffat\OneDrive\Masa├╝st├╝\racer\jurisflow2\JurisFlowASP\JurisFlowASP.csproj]
C:\Users\cffat\OneDrive\Masa├╝st├╝\racer\jurisflow2\JurisFlowASP\Controllers\TasksController.cs(4,20): error CS0234: 'Data' t├╝r veya ad alan─▒ ad─▒ 'JurisFlowASP' ad alan─▒nda yok (bir derleme ba┼şvurunuz mu eksik?) [C:\Users\cffat\OneDrive\Masa├╝st├╝\racer\jurisflow2\JurisFlowASP\JurisFlowASP.csproj]
C:\Users\cffat\OneDrive\Masa├╝st├╝\racer\jurisflow2\JurisFlowASP\Controllers\TimeTrackerController.cs(4,20): error CS0234: 'Data' t├╝r veya ad alan─▒ ad─▒ 'JurisFlowASP' ad alan─▒nda yok (bir derleme ba┼şvurunuz mu eksik?) [C:\Users\cffat\OneDrive\Masa├╝st├╝\racer\jurisflow2\JurisFlowASP\JurisFlowASP.csproj]
C:\Users\cffat\OneDrive\Masa├╝st├╝\racer\jurisflow2\JurisFlowASP\Program.cs(2,20): error CS0234: 'Data' t├╝r veya ad alan─▒ ad─▒ 'JurisFlowASP' ad alan─▒nda yok (bir derleme ba┼şvurunuz mu eksik?) [C:\Users\cffat\OneDrive\Masa├╝st├╝\racer\jurisflow2\JurisFlowASP\JurisFlowASP.csproj]
C:\Users\cffat\OneDrive\Masa├╝st├╝\racer\jurisflow2\JurisFlowASP\Services\AuditService.cs(1,20): error CS0234: 'Data' t├╝r veya ad alan─▒ ad─▒ 'JurisFlowASP' ad alan─▒nda yok (bir derleme ba┼şvurunuz mu eksik?) [C:\Users\cffat\OneDrive\Masa├╝st├╝\racer\jurisflow2\JurisFlowASP\JurisFlowASP.csproj]
C:\Users\cffat\OneDrive\Masa├╝st├╝\racer\jurisflow2\JurisFlowASP\Services\AuthService.cs(4,20): error CS0234: 'Data' t├╝r veya ad alan─▒ ad─▒ 'JurisFlowASP' ad alan─▒nda yok (bir derleme ba┼şvurunuz mu eksik?) [C:\Users\cffat\OneDrive\Masa├╝st├╝\racer\jurisflow2\JurisFlowASP\JurisFlowASP.csproj]
C:\Users\cffat\OneDrive\Masa├╝st├╝\racer\jurisflow2\JurisFlowASP\Services\AuditService.cs(8,5): error CS0104: 'Task', 'JurisFlowASP.Models.Task' ile 'System.Threading.Tasks.Task' aras─▒nda belirsiz bir ba┼şvuru [C:\Users\cffat\OneDrive\Masa├╝st├╝\racer\jurisflow2\JurisFlowASP\JurisFlowASP.csproj]
C:\Users\cffat\OneDrive\Masa├╝st├╝\racer\jurisflow2\JurisFlowASP\Services\AuditService.cs(23,18): error CS0104: 'Task', 'JurisFlowASP.Models.Task' ile 'System.Threading.Tasks.Task' aras─▒nda belirsiz bir ba┼şvuru [C:\Users\cffat\OneDrive\Masa├╝st├╝\racer\jurisflow2\JurisFlowASP\JurisFlowASP.csproj]
C:\Users\cffat\OneDrive\Masa├╝st├╝\racer\jurisflow2\JurisFlowASP\Services\AuthService.cs(18,5): error CS0104: 'Task', 'JurisFlowASP.Models.Task' ile 'System.Threading.Tasks.Task' aras─▒nda belirsiz bir ba┼şvuru [C:\Users\cffat\OneDrive\Masa├╝st├╝\racer\jurisflow2\JurisFlowASP\JurisFlowASP.csproj]
C:\Users\cffat\OneDrive\Masa├╝st├╝\racer\jurisflow2\JurisFlowASP\Services\AuthService.cs(23,28): error CS0738: 'AuthService, 'IAuthService.EnsureAdminAsync()' arabirim ├╝yesini uygulam─▒yor. 'Task' e┼şle┼şen d├Ân├╝┼ş t├╝r├╝ne sahip olmad─▒─ş─▒ndan 'AuthService.EnsureAdminAsync()' 'IAuthService.EnsureAdminAsync()' ├Â─şesini uygulayamaz. [C:\Users\cffat\OneDrive\Masa├╝st├╝\racer\jurisflow2\JurisFlowASP\JurisFlowASP.csproj]
C:\Users\cffat\OneDrive\Masa├╝st├╝\racer\jurisflow2\JurisFlowASP\Controllers\ClientPortalController.cs(13,22): error CS0246: 'ApplicationDbContext' t├╝r├╝ veya ad alan─▒ ad─▒ bulunamad─▒ (bir using y├Ânergeniz veya derleme ba┼şvurunuz mu eksik?) [C:\Users\cffat\OneDrive\Masa├╝st├╝\racer\jurisflow2\JurisFlowASP\JurisFlowASP.csproj]
C:\Users\cffat\OneDrive\Masa├╝st├╝\racer\jurisflow2\JurisFlowASP\Controllers\ClientPortalController.cs(17,35): error CS0246: 'ApplicationDbContext' t├╝r├╝ veya ad alan─▒ ad─▒ bulunamad─▒ (bir using y├Ânergeniz veya derleme ba┼şvurunuz mu eksik?) [C:\Users\cffat\OneDrive\Masa├╝st├╝\racer\jurisflow2\JurisFlowASP\JurisFlowASP.csproj]
    0 Uyar─▒
    20 Hata

Ge├ğen S├╝re 00:00:01.33
