C:\Program Files\dotnet\sdk\10.0.101\Microsoft.Common.CurrentVersion.targets(5381,5): error MSB3027: "C:\Users\cffat\OneDrive\Masa├╝st├╝\racer\jurisflow2\JurisFlowASP\obj\Debug\net8.0\apphost.exe", "bin\Debug\net8.0\JurisFlowASP.exe" ├╝zerine kopyalanamad─▒. 10 yeniden deneme say─▒s─▒ a┼ş─▒ld─▒. Ba┼şar─▒s─▒z oldu. Dosya ┼şunun taraf─▒ndan kilitlendi: "JurisFlowASP (26352)" [C:\Users\cffat\OneDrive\Masa├╝st├╝\racer\jurisflow2\JurisFlowASP\JurisFlowASP.csproj]
C:\Program Files\dotnet\sdk\10.0.101\Microsoft.Common.CurrentVersion.targets(5381,5): error MSB3021: "C:\Users\cffat\OneDrive\Masa├╝st├╝\racer\jurisflow2\JurisFlowASP\obj\Debug\net8.0\apphost.exe" dosyas─▒ "bin\Debug\net8.0\JurisFlowASP.exe" ├╝zerine kopyalanam─▒yor. The process cannot access the file 'C:\Users\cffat\OneDrive\Masa├╝st├╝\racer\jurisflow2\JurisFlowASP\bin\Debug\net8.0\JurisFlowASP.exe' because it is being used by another process. [C:\Users\cffat\OneDrive\Masa├╝st├╝\racer\jurisflow2\JurisFlowASP\JurisFlowASP.csproj]

Olu┼şturma BA┼ŞARISIZ OLDU.
    10 Uyar─▒
    2 Hata

Ge├ğen S├╝re 00:00:12.20
